[0m16:56:43.953182 [debug] [MainThread]: Sending event: {'category': 'dbt', 'action': 'invocation', 'label': 'start', 'context': [<snowplow_tracker.self_describing_json.SelfDescribingJson object at 0x0000017A68C96A50>, <snowplow_tracker.self_describing_json.SelfDescribingJson object at 0x0000017A659A2C10>, <snowplow_tracker.self_describing_json.SelfDescribingJson object at 0x0000017A6AFA7ED0>]}


============================== 16:56:43.986776 | 00c88aa2-3ce2-4da7-b259-d6a4cd5038c0 ==============================
[0m16:56:43.986776 [info ] [MainThread]: Running with dbt=1.11.10
[0m16:56:43.988261 [debug] [MainThread]: running dbt with arguments {'version_check': 'True', 'no_print': 'None', 'static_parser': 'True', 'warn_error_options': 'WarnErrorOptionsV2(error=[], warn=[], silence=[])', 'target_path': 'None', 'printer_width': '80', 'write_json': 'True', 'introspect': 'True', 'log_cache_events': 'False', 'empty': 'None', 'cache_selected_only': 'False', 'log_format': 'default', 'debug': 'False', 'fail_fast': 'False', 'profiles_dir': 'C:\\Users\\Hp\\.dbt', 'send_anonymous_usage_stats': 'True', 'quiet': 'False', 'warn_error': 'None', 'partial_parse': 'True', 'invocation_command': 'dbt debug', 'indirect_selection': 'eager', 'use_colors': 'True', 'use_experimental_parser': 'False', 'log_path': 'D:\\crop-weather-pipeline\\dbt_project\\logs'}
[0m16:56:44.031591 [info ] [MainThread]: dbt version: 1.11.10
[0m16:56:44.032510 [info ] [MainThread]: python version: 3.13.3
[0m16:56:44.033534 [info ] [MainThread]: python path: d:\crop-weather-pipeline\.venv\Scripts\python.exe
[0m16:56:44.034541 [info ] [MainThread]: os info: Windows-11-10.0.26200-SP0
[0m16:56:44.035479 [info ] [MainThread]: Using profiles dir at C:\Users\Hp\.dbt
[0m16:56:44.036286 [info ] [MainThread]: Using profiles.yml file at C:\Users\Hp\.dbt\profiles.yml
[0m16:56:44.036985 [info ] [MainThread]: Using dbt_project.yml file at D:\crop-weather-pipeline\dbt_project\dbt_project.yml
[0m16:56:44.243042 [info ] [MainThread]: Configuration:
[0m16:56:44.244363 [info ] [MainThread]:   profiles.yml file [[31mERROR not found[0m]
[0m16:56:44.245383 [info ] [MainThread]:   dbt_project.yml file [[32mOK found and valid[0m]
[0m16:56:44.246221 [info ] [MainThread]: Required dependencies:
[0m16:56:44.247009 [debug] [MainThread]: Executing "git --help"
[0m16:56:44.318281 [debug] [MainThread]: STDOUT: "b"usage: git [-v | --version] [-h | --help] [-C <path>] [-c <name>=<value>]\n           [--exec-path[=<path>]] [--html-path] [--man-path] [--info-path]\n           [-p | --paginate | -P | --no-pager] [--no-replace-objects] [--no-lazy-fetch]\n           [--no-optional-locks] [--no-advice] [--bare] [--git-dir=<path>]\n           [--work-tree=<path>] [--namespace=<name>] [--config-env=<name>=<envvar>]\n           <command> [<args>]\n\nThese are common Git commands used in various situations:\n\nstart a working area (see also: git help tutorial)\n   clone      Clone a repository into a new directory\n   init       Create an empty Git repository or reinitialize an existing one\n\nwork on the current change (see also: git help everyday)\n   add        Add file contents to the index\n   mv         Move or rename a file, a directory, or a symlink\n   restore    Restore working tree files\n   rm         Remove files from the working tree and from the index\n\nexamine the history and state (see also: git help revisions)\n   bisect     Use binary search to find the commit that introduced a bug\n   diff       Show changes between commits, commit and working tree, etc\n   grep       Print lines matching a pattern\n   log        Show commit logs\n   show       Show various types of objects\n   status     Show the working tree status\n\ngrow, mark and tweak your common history\n   backfill   Download missing objects in a partial clone\n   branch     List, create, or delete branches\n   commit     Record changes to the repository\n   merge      Join two or more development histories together\n   rebase     Reapply commits on top of another base tip\n   reset      Set `HEAD` or the index to a known state\n   switch     Switch branches\n   tag        Create, list, delete or verify tags\n\ncollaborate (see also: git help workflows)\n   fetch      Download objects and refs from another repository\n   pull       Fetch from and integrate with another repository or a local branch\n   push       Update remote refs along with associated objects\n\n'git help -a' and 'git help -g' list available subcommands and some\nconcept guides. See 'git help <command>' or 'git help <concept>'\nto read about a specific subcommand or concept.\nSee 'git help git' for an overview of the system.\n""
[0m16:56:44.319171 [debug] [MainThread]: STDERR: "b''"
[0m16:56:44.319964 [info ] [MainThread]:  - git [[32mOK found[0m]

[0m16:56:44.320923 [info ] [MainThread]: Connection test skipped since no profile was found
[0m16:56:44.321763 [info ] [MainThread]: [31m1 check failed:[0m
[0m16:56:44.322741 [info ] [MainThread]: dbt looked for a profiles.yml file in C:\Users\Hp\.dbt\profiles.yml, but did
not find one. For more information on configuring your profile, consult the
documentation:

https://docs.getdbt.com/docs/configure-your-profile


[0m16:56:44.324668 [debug] [MainThread]: Command `dbt debug` failed at 16:56:44.324401 after 0.61 seconds
[0m16:56:44.325401 [debug] [MainThread]: Sending event: {'category': 'dbt', 'action': 'invocation', 'label': 'end', 'context': [<snowplow_tracker.self_describing_json.SelfDescribingJson object at 0x0000017A6936FA80>, <snowplow_tracker.self_describing_json.SelfDescribingJson object at 0x0000017A6B2AF890>, <snowplow_tracker.self_describing_json.SelfDescribingJson object at 0x0000017A6B113BD0>]}
[0m16:56:44.326097 [debug] [MainThread]: Flushing usage events
[0m16:56:46.474023 [debug] [MainThread]: An error was encountered while trying to flush usage events
[0m10:19:30.628205 [debug] [MainThread]: Sending event: {'category': 'dbt', 'action': 'invocation', 'label': 'start', 'context': [<snowplow_tracker.self_describing_json.SelfDescribingJson object at 0x000002664A6BACF0>, <snowplow_tracker.self_describing_json.SelfDescribingJson object at 0x0000026647402C10>, <snowplow_tracker.self_describing_json.SelfDescribingJson object at 0x000002664C9DBED0>]}


============================== 10:19:30.692955 | e8bfe0f2-bccb-4783-9934-0c34bb489878 ==============================
[0m10:19:30.692955 [info ] [MainThread]: Running with dbt=1.11.10
[0m10:19:30.695193 [debug] [MainThread]: running dbt with arguments {'version_check': 'True', 'no_print': 'None', 'static_parser': 'True', 'warn_error_options': 'WarnErrorOptionsV2(error=[], warn=[], silence=[])', 'target_path': 'None', 'printer_width': '80', 'write_json': 'True', 'empty': 'None', 'log_cache_events': 'False', 'introspect': 'True', 'cache_selected_only': 'False', 'log_format': 'default', 'debug': 'False', 'fail_fast': 'False', 'profiles_dir': '.', 'send_anonymous_usage_stats': 'True', 'quiet': 'False', 'warn_error': 'None', 'partial_parse': 'True', 'indirect_selection': 'eager', 'use_colors': 'True', 'invocation_command': 'dbt debug --profiles-dir .', 'use_experimental_parser': 'False', 'log_path': 'D:\\crop-weather-pipeline\\dbt_project\\logs'}
[0m10:19:30.775108 [info ] [MainThread]: dbt version: 1.11.10
[0m10:19:30.776051 [info ] [MainThread]: python version: 3.13.3
[0m10:19:30.777159 [info ] [MainThread]: python path: d:\crop-weather-pipeline\.venv\Scripts\python.exe
[0m10:19:30.778139 [info ] [MainThread]: os info: Windows-11-10.0.26200-SP0
[0m10:19:31.641094 [info ] [MainThread]: Using profiles dir at .
[0m10:19:31.642332 [info ] [MainThread]: Using profiles.yml file at .\profiles.yml
[0m10:19:31.643991 [info ] [MainThread]: Using dbt_project.yml file at D:\crop-weather-pipeline\dbt_project\dbt_project.yml
[0m10:19:31.706246 [info ] [MainThread]: adapter type: duckdb
[0m10:19:31.709112 [info ] [MainThread]: adapter version: 1.10.1
[0m10:19:32.088613 [info ] [MainThread]: Configuration:
[0m10:19:32.089578 [info ] [MainThread]:   profiles.yml file [[32mOK found and valid[0m]
[0m10:19:32.090572 [info ] [MainThread]:   dbt_project.yml file [[32mOK found and valid[0m]
[0m10:19:32.091649 [info ] [MainThread]: Required dependencies:
[0m10:19:32.092818 [debug] [MainThread]: Executing "git --help"
[0m10:19:32.181091 [debug] [MainThread]: STDOUT: "b"usage: git [-v | --version] [-h | --help] [-C <path>] [-c <name>=<value>]\n           [--exec-path[=<path>]] [--html-path] [--man-path] [--info-path]\n           [-p | --paginate | -P | --no-pager] [--no-replace-objects] [--no-lazy-fetch]\n           [--no-optional-locks] [--no-advice] [--bare] [--git-dir=<path>]\n           [--work-tree=<path>] [--namespace=<name>] [--config-env=<name>=<envvar>]\n           <command> [<args>]\n\nThese are common Git commands used in various situations:\n\nstart a working area (see also: git help tutorial)\n   clone      Clone a repository into a new directory\n   init       Create an empty Git repository or reinitialize an existing one\n\nwork on the current change (see also: git help everyday)\n   add        Add file contents to the index\n   mv         Move or rename a file, a directory, or a symlink\n   restore    Restore working tree files\n   rm         Remove files from the working tree and from the index\n\nexamine the history and state (see also: git help revisions)\n   bisect     Use binary search to find the commit that introduced a bug\n   diff       Show changes between commits, commit and working tree, etc\n   grep       Print lines matching a pattern\n   log        Show commit logs\n   show       Show various types of objects\n   status     Show the working tree status\n\ngrow, mark and tweak your common history\n   backfill   Download missing objects in a partial clone\n   branch     List, create, or delete branches\n   commit     Record changes to the repository\n   merge      Join two or more development histories together\n   rebase     Reapply commits on top of another base tip\n   reset      Set `HEAD` or the index to a known state\n   switch     Switch branches\n   tag        Create, list, delete or verify tags\n\ncollaborate (see also: git help workflows)\n   fetch      Download objects and refs from another repository\n   pull       Fetch from and integrate with another repository or a local branch\n   push       Update remote refs along with associated objects\n\n'git help -a' and 'git help -g' list available subcommands and some\nconcept guides. See 'git help <command>' or 'git help <concept>'\nto read about a specific subcommand or concept.\nSee 'git help git' for an overview of the system.\n""
[0m10:19:32.182278 [debug] [MainThread]: STDERR: "b''"
[0m10:19:32.183719 [info ] [MainThread]:  - git [[32mOK found[0m]

[0m10:19:32.184887 [info ] [MainThread]: Connection:
[0m10:19:32.186099 [info ] [MainThread]:   database: crop_weather
[0m10:19:32.187263 [info ] [MainThread]:   schema: main
[0m10:19:32.188452 [info ] [MainThread]:   path: ../data/crop_weather.duckdb
[0m10:19:32.189736 [info ] [MainThread]:   config_options: None
[0m10:19:32.190889 [info ] [MainThread]:   extensions: None
[0m10:19:32.191881 [info ] [MainThread]:   settings: {}
[0m10:19:32.192867 [info ] [MainThread]:   external_root: .
[0m10:19:32.193851 [info ] [MainThread]:   use_credential_provider: None
[0m10:19:32.194953 [info ] [MainThread]:   attach: None
[0m10:19:32.196150 [info ] [MainThread]:   filesystems: None
[0m10:19:32.197403 [info ] [MainThread]:   remote: None
[0m10:19:32.198640 [info ] [MainThread]:   plugins: None
[0m10:19:32.199822 [info ] [MainThread]:   disable_transactions: False
[0m10:19:32.201428 [info ] [MainThread]: Registered adapter: duckdb=1.10.1
[0m10:19:33.379640 [debug] [MainThread]: Acquiring new duckdb connection 'debug'
[0m10:19:40.940577 [debug] [MainThread]: Using duckdb connection "debug"
[0m10:19:40.941692 [debug] [MainThread]: On debug: select 1 as id
[0m10:19:40.942744 [debug] [MainThread]: Opening a new connection, currently in state init
[0m10:19:41.076599 [debug] [MainThread]: SQL status: OK in 0.134 seconds
[0m10:19:41.079655 [debug] [MainThread]: On debug: Close
[0m10:19:41.083530 [info ] [MainThread]:   Connection test: [[32mOK connection ok[0m]

[0m10:19:41.085778 [info ] [MainThread]: [32mAll checks passed![0m
[0m10:19:41.088812 [debug] [MainThread]: Command `dbt debug` succeeded at 10:19:41.088336 after 10.89 seconds
[0m10:19:41.090310 [debug] [MainThread]: Connection 'debug' was properly closed.
[0m10:19:41.093003 [debug] [MainThread]: Sending event: {'category': 'dbt', 'action': 'invocation', 'label': 'end', 'context': [<snowplow_tracker.self_describing_json.SelfDescribingJson object at 0x000002664CB7C2B0>, <snowplow_tracker.self_describing_json.SelfDescribingJson object at 0x0000026648C58050>, <snowplow_tracker.self_describing_json.SelfDescribingJson object at 0x000002664CC8D480>]}
[0m10:19:41.094954 [debug] [MainThread]: Flushing usage events
[0m10:19:43.524217 [debug] [MainThread]: An error was encountered while trying to flush usage events
